\BOOKMARK [1][-]{section.1}{\376\377\000\040\000I\000n\000t\000r\000o\000d\000u\000c\000t\000i\000o\000n}{}% 1
\BOOKMARK [1][-]{section.2}{\376\377\000\040\000R\000e\000s\000e\000a\000r\000c\000h\000\040\000O\000b\000j\000e\000c\000t\000i\000v\000e\000s}{}% 2
\BOOKMARK [1][-]{section.3}{\376\377\000\040\000S\000y\000s\000t\000e\000m\000\040\000M\000o\000d\000e\000l}{}% 3
\BOOKMARK [2][-]{subsection.3.1}{\376\377\000\040\000W\000o\000r\000l\000d\000\040\000G\000e\000o\000m\000e\000t\000r\000y\000\040\000a\000n\000d\000\040\000P\000r\000o\000j\000e\000c\000t\000i\000o\000n}{section.3}% 4
\BOOKMARK [2][-]{subsection.3.2}{\376\377\000\040\000T\000i\000m\000e\000\040\000R\000e\000s\000o\000l\000u\000t\000i\000o\000n}{section.3}% 5
\BOOKMARK [2][-]{subsection.3.3}{\376\377\000\040\000A\000g\000e\000n\000t\000\040\000T\000y\000p\000e\000s\000\040\000a\000n\000d\000\040\000V\000o\000y\000a\000g\000e\000\040\000L\000o\000g\000i\000c}{section.3}% 6
\BOOKMARK [2][-]{subsection.3.4}{\376\377\000\040\000W\000e\000a\000t\000h\000e\000r\000\040\000a\000n\000d\000\040\000H\000a\000z\000a\000r\000d\000\040\000F\000i\000e\000l\000d}{section.3}% 7
\BOOKMARK [1][-]{section.4}{\376\377\000\040\000C\000r\000e\000w\000\040\000F\000a\000t\000i\000g\000u\000e\000\040\000D\000y\000n\000a\000m\000i\000c\000s}{}% 8
\BOOKMARK [1][-]{section.5}{\376\377\000\040\000C\000o\000l\000l\000i\000s\000i\000o\000n\000\040\000A\000v\000o\000i\000d\000a\000n\000c\000e}{}% 9
\BOOKMARK [2][-]{subsection.5.1}{\376\377\000\040\000C\000P\000A\000\040\000/\000\040\000T\000C\000P\000A\000\040\000D\000e\000t\000e\000c\000t\000i\000o\000n}{section.5}% 10
\BOOKMARK [2][-]{subsection.5.2}{\376\377\000\040\000G\000i\000v\000e\000-\000W\000a\000y\000\040\000R\000u\000l\000e\000\040\000a\000n\000d\000\040\000C\000o\000m\000m\000u\000n\000i\000c\000a\000t\000i\000o\000n\000\040\000S\000u\000c\000c\000e\000s\000s}{section.5}% 11
\BOOKMARK [2][-]{subsection.5.3}{\376\377\000\040\000A\000v\000o\000i\000d\000a\000n\000c\000e\000\040\000G\000e\000o\000m\000e\000t\000r\000y\000\040\000a\000n\000d\000\040\000M\000e\000s\000s\000a\000g\000e\000\040\000E\000x\000c\000h\000a\000n\000g\000e}{section.5}% 12
\BOOKMARK [2][-]{subsection.5.4}{\376\377\000\040\000O\000p\000t\000i\000o\000n\000a\000l\000\040\000C\000o\000n\000t\000i\000n\000u\000o\000u\000s\000-\000A\000v\000o\000i\000d\000a\000n\000c\000e\000\040\000T\000r\000a\000c\000k\000\040\000\050\000F\000o\000r\000c\000e\000\040\000F\000i\000e\000l\000d\000\051}{section.5}% 13
\BOOKMARK [1][-]{section.6}{\376\377\000\040\000C\000o\000l\000l\000i\000s\000i\000o\000n\000\040\000C\000o\000n\000s\000e\000q\000u\000e\000n\000c\000e\000\040\000M\000o\000d\000e\000l\000\040\000\050\000S\000I\000M\000C\000O\000L\000\051}{}% 14
\BOOKMARK [1][-]{section.7}{\376\377\000\040\000E\000x\000t\000e\000r\000n\000a\000l\000\040\000C\000o\000l\000l\000i\000s\000i\000o\000n\000-\000F\000r\000e\000q\000u\000e\000n\000c\000y\000\040\000V\000a\000l\000i\000d\000a\000t\000i\000o\000n\000\040\000\050\000I\000W\000R\000A\000P\000\051}{}% 15
\BOOKMARK [1][-]{section.8}{\376\377\000\040\000S\000e\000a\000r\000c\000h\000-\000a\000n\000d\000-\000R\000e\000s\000c\000u\000e\000\040\000S\000u\000b\000s\000y\000s\000t\000e\000m}{}% 16
\BOOKMARK [2][-]{subsection.8.1}{\376\377\000\040\000D\000r\000i\000f\000t\000\040\000a\000n\000d\000\040\000R\000a\000n\000d\000o\000m\000-\000S\000e\000a\000r\000c\000h\000\040\000D\000e\000t\000e\000c\000t\000i\000o\000n\000\040\000\050\000M\000A\000S\000S\000I\000M\000\051}{section.8}% 17
\BOOKMARK [2][-]{subsection.8.2}{\376\377\000\040\000E\000n\000v\000i\000r\000o\000n\000m\000e\000n\000t\000a\000l\000\040\000D\000e\000g\000r\000a\000d\000a\000t\000i\000o\000n\000\040\000\050\000A\000s\000h\000r\000a\000f\000i\000\051}{section.8}% 18
\BOOKMARK [1][-]{section.9}{\376\377\000\040\000E\000x\000p\000e\000r\000i\000m\000e\000n\000t\000a\000l\000\040\000D\000e\000s\000i\000g\000n}{}% 19
\BOOKMARK [2][-]{subsection.9.1}{\376\377\000\040\000M\000e\000t\000h\000o\000d\000s\000\040\000U\000n\000d\000e\000r\000\040\000T\000e\000s\000t}{section.9}% 20
\BOOKMARK [2][-]{subsection.9.2}{\376\377\000\040\000S\000c\000e\000n\000a\000r\000i\000o\000s}{section.9}% 21
\BOOKMARK [2][-]{subsection.9.3}{\376\377\000\040\000K\000e\000y\000\040\000P\000e\000r\000f\000o\000r\000m\000a\000n\000c\000e\000\040\000I\000n\000d\000i\000c\000a\000t\000o\000r\000s}{section.9}% 22
\BOOKMARK [2][-]{subsection.9.4}{\376\377\000\040\000S\000t\000a\000t\000i\000s\000t\000i\000c\000a\000l\000\040\000A\000n\000a\000l\000y\000s\000i\000s}{section.9}% 23
\BOOKMARK [1][-]{section.10}{\376\377\000\040\000I\000m\000p\000l\000e\000m\000e\000n\000t\000a\000t\000i\000o\000n}{}% 24
\BOOKMARK [2][-]{subsection.10.1}{\376\377\000\040\000E\000n\000g\000i\000n\000e\000\040\000a\000n\000d\000\040\000E\000x\000e\000c\000u\000t\000i\000o\000n}{section.10}% 25
\BOOKMARK [2][-]{subsection.10.2}{\376\377\000\040\000S\000i\000m\000u\000l\000a\000t\000i\000o\000n\000\040\000L\000o\000o\000p}{section.10}% 26
\BOOKMARK [2][-]{subsection.10.3}{\376\377\000\040\000S\000p\000e\000e\000d\000\040\000R\000e\000d\000u\000c\000t\000i\000o\000n\000\040\000u\000n\000d\000e\000r\000\040\000H\000a\000z\000a\000r\000d}{section.10}% 27
\BOOKMARK [2][-]{subsection.10.4}{\376\377\000\040\000W\000e\000a\000t\000h\000e\000r\000\040\000P\000r\000o\000c\000e\000s\000s\000\040\000P\000a\000r\000a\000m\000e\000t\000e\000r\000s}{section.10}% 28
\BOOKMARK [1][-]{section.11}{\376\377\000\040\000D\000i\000s\000c\000u\000s\000s\000i\000o\000n}{}% 29
\BOOKMARK [1][-]{section.12}{\376\377\000\040\000R\000e\000f\000e\000r\000e\000n\000c\000e\000s}{}% 30
\BOOKMARK [1][-]{appendix.A}{\376\377\000\040\000D\000e\000f\000a\000u\000l\000t\000\040\000C\000o\000n\000s\000t\000a\000n\000t\000s\000\040\000R\000e\000f\000e\000r\000e\000n\000c\000e}{}% 31
